Archive member included to satisfy reference by file (symbol)

/usr/local/mcuxpressoide-10.0.0_344/ide/tools/bin/../lib/gcc/arm-none-eabi/5.4.1/../../../../arm-none-eabi/lib/armv6-m/libcr_nohost_nf.a(_cr__main.o)
                              ./startup/startup_mkl25z4.o (__main)
/usr/local/mcuxpressoide-10.0.0_344/ide/tools/bin/../lib/gcc/arm-none-eabi/5.4.1/../../../../arm-none-eabi/lib/armv6-m/libcr_c.a(initio.o)
                              /usr/local/mcuxpressoide-10.0.0_344/ide/tools/bin/../lib/gcc/arm-none-eabi/5.4.1/../../../../arm-none-eabi/lib/armv6-m/libcr_nohost_nf.a(_cr__main.o) (_initio)
/usr/local/mcuxpressoide-10.0.0_344/ide/tools/bin/../lib/gcc/arm-none-eabi/5.4.1/../../../../arm-none-eabi/lib/armv6-m/libcr_c.a(setvbuf.o)
                              /usr/local/mcuxpressoide-10.0.0_344/ide/tools/bin/../lib/gcc/arm-none-eabi/5.4.1/../../../../arm-none-eabi/lib/armv6-m/libcr_c.a(initio.o) (setvbuf)
/usr/local/mcuxpressoide-10.0.0_344/ide/tools/bin/../lib/gcc/arm-none-eabi/5.4.1/../../../../arm-none-eabi/lib/armv6-m/libcr_c.a(_fdopen.o)
                              /usr/local/mcuxpressoide-10.0.0_344/ide/tools/bin/../lib/gcc/arm-none-eabi/5.4.1/../../../../arm-none-eabi/lib/armv6-m/libcr_c.a(initio.o) (_fdopen)
/usr/local/mcuxpressoide-10.0.0_344/ide/tools/bin/../lib/gcc/arm-none-eabi/5.4.1/../../../../arm-none-eabi/lib/armv6-m/libcr_c.a(fclose.o)
                              /usr/local/mcuxpressoide-10.0.0_344/ide/tools/bin/../lib/gcc/arm-none-eabi/5.4.1/../../../../arm-none-eabi/lib/armv6-m/libcr_c.a(initio.o) (fclose)
/usr/local/mcuxpressoide-10.0.0_344/ide/tools/bin/../lib/gcc/arm-none-eabi/5.4.1/../../../../arm-none-eabi/lib/armv6-m/libcr_c.a(fflush.o)
                              /usr/local/mcuxpressoide-10.0.0_344/ide/tools/bin/../lib/gcc/arm-none-eabi/5.4.1/../../../../arm-none-eabi/lib/armv6-m/libcr_c.a(fclose.o) (fflush)
/usr/local/mcuxpressoide-10.0.0_344/ide/tools/bin/../lib/gcc/arm-none-eabi/5.4.1/../../../../arm-none-eabi/lib/armv6-m/libcr_c.a(fseek.o)
                              /usr/local/mcuxpressoide-10.0.0_344/ide/tools/bin/../lib/gcc/arm-none-eabi/5.4.1/../../../../arm-none-eabi/lib/armv6-m/libcr_c.a(_fdopen.o) (fseek)
/usr/local/mcuxpressoide-10.0.0_344/ide/tools/bin/../lib/gcc/arm-none-eabi/5.4.1/../../../../arm-none-eabi/lib/armv6-m/libcr_c.a(ftell.o)
                              /usr/local/mcuxpressoide-10.0.0_344/ide/tools/bin/../lib/gcc/arm-none-eabi/5.4.1/../../../../arm-none-eabi/lib/armv6-m/libcr_c.a(fseek.o) (ftell)
/usr/local/mcuxpressoide-10.0.0_344/ide/tools/bin/../lib/gcc/arm-none-eabi/5.4.1/../../../../arm-none-eabi/lib/armv6-m/libcr_c.a(remove.o)
                              /usr/local/mcuxpressoide-10.0.0_344/ide/tools/bin/../lib/gcc/arm-none-eabi/5.4.1/../../../../arm-none-eabi/lib/armv6-m/libcr_c.a(fclose.o) (remove)
/usr/local/mcuxpressoide-10.0.0_344/ide/tools/bin/../lib/gcc/arm-none-eabi/5.4.1/../../../../arm-none-eabi/lib/armv6-m/libcr_c.a(strlen.o)
                              /usr/local/mcuxpressoide-10.0.0_344/ide/tools/bin/../lib/gcc/arm-none-eabi/5.4.1/../../../../arm-none-eabi/lib/armv6-m/libcr_c.a(remove.o) (strlen)
/usr/local/mcuxpressoide-10.0.0_344/ide/tools/bin/../lib/gcc/arm-none-eabi/5.4.1/../../../../arm-none-eabi/lib/armv6-m/libcr_c.a(memset.o)
                              /usr/local/mcuxpressoide-10.0.0_344/ide/tools/bin/../lib/gcc/arm-none-eabi/5.4.1/../../../../arm-none-eabi/lib/armv6-m/libcr_c.a(fclose.o) (memset)
/usr/local/mcuxpressoide-10.0.0_344/ide/tools/bin/../lib/gcc/arm-none-eabi/5.4.1/../../../../arm-none-eabi/lib/armv6-m/libcr_c.a(_do_fflush.o)
                              /usr/local/mcuxpressoide-10.0.0_344/ide/tools/bin/../lib/gcc/arm-none-eabi/5.4.1/../../../../arm-none-eabi/lib/armv6-m/libcr_c.a(fflush.o) (_do_fflush)
/usr/local/mcuxpressoide-10.0.0_344/ide/tools/bin/../lib/gcc/arm-none-eabi/5.4.1/../../../../arm-none-eabi/lib/armv6-m/libcr_c.a(_fflush.o)
                              /usr/local/mcuxpressoide-10.0.0_344/ide/tools/bin/../lib/gcc/arm-none-eabi/5.4.1/../../../../arm-none-eabi/lib/armv6-m/libcr_c.a(_do_fflush.o) (_fflush)
/usr/local/mcuxpressoide-10.0.0_344/ide/tools/bin/../lib/gcc/arm-none-eabi/5.4.1/../../../../arm-none-eabi/lib/armv6-m/libcr_c.a(_writebuf.o)
                              /usr/local/mcuxpressoide-10.0.0_344/ide/tools/bin/../lib/gcc/arm-none-eabi/5.4.1/../../../../arm-none-eabi/lib/armv6-m/libcr_c.a(_fflush.o) (_Cwritebuf)
/usr/local/mcuxpressoide-10.0.0_344/ide/tools/bin/../lib/gcc/arm-none-eabi/5.4.1/../../../../arm-none-eabi/lib/armv6-m/libcr_c.a(alloc.o)
                              /usr/local/mcuxpressoide-10.0.0_344/ide/tools/bin/../lib/gcc/arm-none-eabi/5.4.1/../../../../arm-none-eabi/lib/armv6-m/libcr_c.a(fclose.o) (free)
/usr/local/mcuxpressoide-10.0.0_344/ide/tools/bin/../lib/gcc/arm-none-eabi/5.4.1/../../../../arm-none-eabi/lib/armv6-m/libcr_c.a(errno.o)
                              /usr/local/mcuxpressoide-10.0.0_344/ide/tools/bin/../lib/gcc/arm-none-eabi/5.4.1/../../../../arm-none-eabi/lib/armv6-m/libcr_c.a(ftell.o) (errno)
/usr/local/mcuxpressoide-10.0.0_344/ide/tools/bin/../lib/gcc/arm-none-eabi/5.4.1/../../../../arm-none-eabi/lib/armv6-m/libcr_c.a(memcpy.o)
                              /usr/local/mcuxpressoide-10.0.0_344/ide/tools/bin/../lib/gcc/arm-none-eabi/5.4.1/../../../../arm-none-eabi/lib/armv6-m/libcr_c.a(alloc.o) (memcpy)
/usr/local/mcuxpressoide-10.0.0_344/ide/tools/bin/../lib/gcc/arm-none-eabi/5.4.1/../../../../arm-none-eabi/lib/armv6-m/libcr_c.a(__init_alloc.o)
                              /usr/local/mcuxpressoide-10.0.0_344/ide/tools/bin/../lib/gcc/arm-none-eabi/5.4.1/../../../../arm-none-eabi/lib/armv6-m/libcr_c.a(alloc.o) (__heaps)
/usr/local/mcuxpressoide-10.0.0_344/ide/tools/bin/../lib/gcc/arm-none-eabi/5.4.1/../../../../arm-none-eabi/lib/armv6-m/libcr_c.a(_cr_sbrk.o)
                              /usr/local/mcuxpressoide-10.0.0_344/ide/tools/bin/../lib/gcc/arm-none-eabi/5.4.1/../../../../arm-none-eabi/lib/armv6-m/libcr_c.a(alloc.o) (_sbrk)
/usr/local/mcuxpressoide-10.0.0_344/ide/tools/bin/../lib/gcc/arm-none-eabi/5.4.1/../../../../arm-none-eabi/lib/armv6-m/libcr_c.a(_deferredlazyseek.o)
                              /usr/local/mcuxpressoide-10.0.0_344/ide/tools/bin/../lib/gcc/arm-none-eabi/5.4.1/../../../../arm-none-eabi/lib/armv6-m/libcr_c.a(_do_fflush.o) (_deferredlazyseek)
/usr/local/mcuxpressoide-10.0.0_344/ide/tools/bin/../lib/gcc/arm-none-eabi/5.4.1/../../../../arm-none-eabi/lib/armv6-m/libcr_c.a(_cr_check_heap.o)
                              /usr/local/mcuxpressoide-10.0.0_344/ide/tools/bin/../lib/gcc/arm-none-eabi/5.4.1/../../../../arm-none-eabi/lib/armv6-m/libcr_c.a(_cr_sbrk.o) (__check_heap_overflow)
/usr/local/mcuxpressoide-10.0.0_344/ide/tools/bin/../lib/gcc/arm-none-eabi/5.4.1/armv6-m/libcr_eabihelpers.a(division_32.o)
                              ./CMSIS/system_MKL25Z4.o (__aeabi_uidiv)
/usr/local/mcuxpressoide-10.0.0_344/ide/tools/bin/../lib/gcc/arm-none-eabi/5.4.1/armv6-m/libcr_eabihelpers.a(division_idiv0.o)
                              /usr/local/mcuxpressoide-10.0.0_344/ide/tools/bin/../lib/gcc/arm-none-eabi/5.4.1/armv6-m/libcr_eabihelpers.a(division_32.o) (__aeabi_idiv0)
/usr/local/mcuxpressoide-10.0.0_344/ide/tools/bin/../lib/gcc/arm-none-eabi/5.4.1/armv6-m/libcr_eabihelpers.a(memcpy.o)
                              /usr/local/mcuxpressoide-10.0.0_344/ide/tools/bin/../lib/gcc/arm-none-eabi/5.4.1/../../../../arm-none-eabi/lib/armv6-m/libcr_c.a(memcpy.o) (__aeabi_memcpy)
/usr/local/mcuxpressoide-10.0.0_344/ide/tools/bin/../lib/gcc/arm-none-eabi/5.4.1/../../../../arm-none-eabi/lib/armv6-m/libcr_nohost_nf.a(__ciob.o)
                              /usr/local/mcuxpressoide-10.0.0_344/ide/tools/bin/../lib/gcc/arm-none-eabi/5.4.1/../../../../arm-none-eabi/lib/armv6-m/libcr_c.a(initio.o) (__Ciob)
/usr/local/mcuxpressoide-10.0.0_344/ide/tools/bin/../lib/gcc/arm-none-eabi/5.4.1/../../../../arm-none-eabi/lib/armv6-m/libcr_nohost_nf.a(__sys_appexit.o)
                              /usr/local/mcuxpressoide-10.0.0_344/ide/tools/bin/../lib/gcc/arm-none-eabi/5.4.1/../../../../arm-none-eabi/lib/armv6-m/libcr_c.a(alloc.o) (__sys_appexit)
/usr/local/mcuxpressoide-10.0.0_344/ide/tools/bin/../lib/gcc/arm-none-eabi/5.4.1/../../../../arm-none-eabi/lib/armv6-m/libcr_nohost_nf.a(__sys_close.o)
                              /usr/local/mcuxpressoide-10.0.0_344/ide/tools/bin/../lib/gcc/arm-none-eabi/5.4.1/../../../../arm-none-eabi/lib/armv6-m/libcr_c.a(fclose.o) (__sys_close)
/usr/local/mcuxpressoide-10.0.0_344/ide/tools/bin/../lib/gcc/arm-none-eabi/5.4.1/../../../../arm-none-eabi/lib/armv6-m/libcr_nohost_nf.a(__sys_flen.o)
                              /usr/local/mcuxpressoide-10.0.0_344/ide/tools/bin/../lib/gcc/arm-none-eabi/5.4.1/../../../../arm-none-eabi/lib/armv6-m/libcr_c.a(fseek.o) (__sys_flen)
/usr/local/mcuxpressoide-10.0.0_344/ide/tools/bin/../lib/gcc/arm-none-eabi/5.4.1/../../../../arm-none-eabi/lib/armv6-m/libcr_nohost_nf.a(__sys_istty.o)
                              /usr/local/mcuxpressoide-10.0.0_344/ide/tools/bin/../lib/gcc/arm-none-eabi/5.4.1/../../../../arm-none-eabi/lib/armv6-m/libcr_c.a(fseek.o) (__sys_istty)
/usr/local/mcuxpressoide-10.0.0_344/ide/tools/bin/../lib/gcc/arm-none-eabi/5.4.1/../../../../arm-none-eabi/lib/armv6-m/libcr_nohost_nf.a(__sys_remove.o)
                              /usr/local/mcuxpressoide-10.0.0_344/ide/tools/bin/../lib/gcc/arm-none-eabi/5.4.1/../../../../arm-none-eabi/lib/armv6-m/libcr_c.a(remove.o) (__sys_remove)
/usr/local/mcuxpressoide-10.0.0_344/ide/tools/bin/../lib/gcc/arm-none-eabi/5.4.1/../../../../arm-none-eabi/lib/armv6-m/libcr_nohost_nf.a(__sys_rename.o)
                              /usr/local/mcuxpressoide-10.0.0_344/ide/tools/bin/../lib/gcc/arm-none-eabi/5.4.1/../../../../arm-none-eabi/lib/armv6-m/libcr_c.a(remove.o) (__sys_rename)
/usr/local/mcuxpressoide-10.0.0_344/ide/tools/bin/../lib/gcc/arm-none-eabi/5.4.1/../../../../arm-none-eabi/lib/armv6-m/libcr_nohost_nf.a(__sys_seek.o)
                              /usr/local/mcuxpressoide-10.0.0_344/ide/tools/bin/../lib/gcc/arm-none-eabi/5.4.1/../../../../arm-none-eabi/lib/armv6-m/libcr_c.a(_writebuf.o) (__sys_seek)
/usr/local/mcuxpressoide-10.0.0_344/ide/tools/bin/../lib/gcc/arm-none-eabi/5.4.1/../../../../arm-none-eabi/lib/armv6-m/libcr_nohost_nf.a(__sys_tmpnam.o)
                              /usr/local/mcuxpressoide-10.0.0_344/ide/tools/bin/../lib/gcc/arm-none-eabi/5.4.1/../../../../arm-none-eabi/lib/armv6-m/libcr_c.a(fclose.o) (__sys_tmpnam)
/usr/local/mcuxpressoide-10.0.0_344/ide/tools/bin/../lib/gcc/arm-none-eabi/5.4.1/../../../../arm-none-eabi/lib/armv6-m/libcr_nohost_nf.a(__sys_write.o)
                              /usr/local/mcuxpressoide-10.0.0_344/ide/tools/bin/../lib/gcc/arm-none-eabi/5.4.1/../../../../arm-none-eabi/lib/armv6-m/libcr_c.a(_writebuf.o) (__sys_write)

Discarded input sections

 .group         0x00000000        0x8 ./startup/startup_mkl25z4.o
 .text          0x00000000        0x0 ./startup/startup_mkl25z4.o
 .data          0x00000000        0x0 ./startup/startup_mkl25z4.o
 .bss           0x00000000        0x0 ./startup/startup_mkl25z4.o
 .group         0x00000000        0x8 ./source/GPIO.o
 .group         0x00000000        0x8 ./source/GPIO.o
 .group         0x00000000        0x8 ./source/GPIO.o
 .group         0x00000000        0x8 ./source/GPIO.o
 .group         0x00000000        0x8 ./source/GPIO.o
 .group         0x00000000        0x8 ./source/GPIO.o
 .group         0x00000000        0x8 ./source/GPIO.o
 .group         0x00000000        0x8 ./source/GPIO.o
 .group         0x00000000        0x8 ./source/GPIO.o
 .group         0x00000000        0x8 ./source/GPIO.o
 .group         0x00000000        0x8 ./source/GPIO.o
 .text          0x00000000        0x0 ./source/GPIO.o
 .data          0x00000000        0x0 ./source/GPIO.o
 .bss           0x00000000        0x0 ./source/GPIO.o
 .text.GPIO_clearPIN
                0x00000000       0x2c ./source/GPIO.o
 .text.GPIO_readPORT
                0x00000000       0x20 ./source/GPIO.o
 .text.GPIO_writePIN
                0x00000000       0x54 ./source/GPIO.o
 .debug_macro   0x00000000      0x856 ./source/GPIO.o
 .group         0x00000000        0x8 ./source/main.o
 .group         0x00000000        0x8 ./source/main.o
 .group         0x00000000        0x8 ./source/main.o
 .group         0x00000000        0x8 ./source/main.o
 .group         0x00000000        0x8 ./source/main.o
 .group         0x00000000        0x8 ./source/main.o
 .group         0x00000000        0x8 ./source/main.o
 .group         0x00000000        0x8 ./source/main.o
 .group         0x00000000        0x8 ./source/main.o
 .group         0x00000000        0x8 ./source/main.o
 .group         0x00000000        0x8 ./source/main.o
 .group         0x00000000        0x8 ./source/main.o
 .text          0x00000000        0x0 ./source/main.o
 .data          0x00000000        0x0 ./source/main.o
 .bss           0x00000000        0x0 ./source/main.o
 .debug_macro   0x00000000      0x856 ./source/main.o
 .debug_macro   0x00000000       0x3f ./source/main.o
 .debug_macro   0x00000000       0x10 ./source/main.o
 .debug_macro   0x00000000      0x12d ./source/main.o
 .debug_macro   0x00000000      0x5b2 ./source/main.o
 .debug_macro   0x00000000       0x34 ./source/main.o
 .debug_macro   0x00000000       0x26 ./source/main.o
 .debug_macro   0x00000000      0x329 ./source/main.o
 .debug_macro   0x00000000       0x30 ./source/main.o
 .debug_macro   0x00000000     0x51e2 ./source/main.o
 .group         0x00000000        0x8 ./CMSIS/system_MKL25Z4.o
 .group         0x00000000        0x8 ./CMSIS/system_MKL25Z4.o
 .group         0x00000000        0x8 ./CMSIS/system_MKL25Z4.o
 .group         0x00000000        0x8 ./CMSIS/system_MKL25Z4.o
 .group         0x00000000        0x8 ./CMSIS/system_MKL25Z4.o
 .group         0x00000000        0x8 ./CMSIS/system_MKL25Z4.o
 .group         0x00000000        0x8 ./CMSIS/system_MKL25Z4.o
 .group         0x00000000        0x8 ./CMSIS/system_MKL25Z4.o
 .group         0x00000000        0x8 ./CMSIS/system_MKL25Z4.o
 .group         0x00000000        0x8 ./CMSIS/system_MKL25Z4.o
 .group         0x00000000        0x8 ./CMSIS/system_MKL25Z4.o
 .group         0x00000000        0x8 ./CMSIS/system_MKL25Z4.o
 .text          0x00000000        0x0 ./CMSIS/system_MKL25Z4.o
 .data          0x00000000        0x0 ./CMSIS/system_MKL25Z4.o
 .bss           0x00000000        0x0 ./CMSIS/system_MKL25Z4.o
 .data.SystemCoreClock
                0x00000000        0x4 ./CMSIS/system_MKL25Z4.o
 .text.SystemCoreClockUpdate
                0x00000000      0x240 ./CMSIS/system_MKL25Z4.o
 .debug_macro   0x00000000      0x856 ./CMSIS/system_MKL25Z4.o
 .debug_macro   0x00000000       0x10 ./CMSIS/system_MKL25Z4.o
 .debug_macro   0x00000000      0x12d ./CMSIS/system_MKL25Z4.o
 .debug_macro   0x00000000      0x5b2 ./CMSIS/system_MKL25Z4.o
 .debug_macro   0x00000000       0x3f ./CMSIS/system_MKL25Z4.o
 .debug_macro   0x00000000       0x26 ./CMSIS/system_MKL25Z4.o
 .debug_macro   0x00000000      0x329 ./CMSIS/system_MKL25Z4.o
 .debug_macro   0x00000000       0x30 ./CMSIS/system_MKL25Z4.o
 .debug_macro   0x00000000     0x51e2 ./CMSIS/system_MKL25Z4.o
 .text          0x00000000        0x0 /usr/local/mcuxpressoide-10.0.0_344/ide/tools/bin/../lib/gcc/arm-none-eabi/5.4.1/../../../../arm-none-eabi/lib/armv6-m/libcr_nohost_nf.a(_cr__main.o)
 .data          0x00000000        0x0 /usr/local/mcuxpressoide-10.0.0_344/ide/tools/bin/../lib/gcc/arm-none-eabi/5.4.1/../../../../arm-none-eabi/lib/armv6-m/libcr_nohost_nf.a(_cr__main.o)
 .bss           0x00000000        0x0 /usr/local/mcuxpressoide-10.0.0_344/ide/tools/bin/../lib/gcc/arm-none-eabi/5.4.1/../../../../arm-none-eabi/lib/armv6-m/libcr_nohost_nf.a(_cr__main.o)
 .text          0x00000000        0x0 /usr/local/mcuxpressoide-10.0.0_344/ide/tools/bin/../lib/gcc/arm-none-eabi/5.4.1/../../../../arm-none-eabi/lib/armv6-m/libcr_c.a(initio.o)
 .data          0x00000000        0x0 /usr/local/mcuxpressoide-10.0.0_344/ide/tools/bin/../lib/gcc/arm-none-eabi/5.4.1/../../../../arm-none-eabi/lib/armv6-m/libcr_c.a(initio.o)
 .bss           0x00000000        0x0 /usr/local/mcuxpressoide-10.0.0_344/ide/tools/bin/../lib/gcc/arm-none-eabi/5.4.1/../../../../arm-none-eabi/lib/armv6-m/libcr_c.a(initio.o)
 .text._terminateio
                0x00000000       0x50 /usr/local/mcuxpressoide-10.0.0_344/ide/tools/bin/../lib/gcc/arm-none-eabi/5.4.1/../../../../arm-none-eabi/lib/armv6-m/libcr_c.a(initio.o)
 .text          0x00000000        0x0 /usr/local/mcuxpressoide-10.0.0_344/ide/tools/bin/../lib/gcc/arm-none-eabi/5.4.1/../../../../arm-none-eabi/lib/armv6-m/libcr_c.a(setvbuf.o)
 .data          0x00000000        0x0 /usr/local/mcuxpressoide-10.0.0_344/ide/tools/bin/../lib/gcc/arm-none-eabi/5.4.1/../../../../arm-none-eabi/lib/armv6-m/libcr_c.a(setvbuf.o)
 .bss           0x00000000        0x0 /usr/local/mcuxpressoide-10.0.0_344/ide/tools/bin/../lib/gcc/arm-none-eabi/5.4.1/../../../../arm-none-eabi/lib/armv6-m/libcr_c.a(setvbuf.o)
 .text          0x00000000        0x0 /usr/local/mcuxpressoide-10.0.0_344/ide/tools/bin/../lib/gcc/arm-none-eabi/5.4.1/../../../../arm-none-eabi/lib/armv6-m/libcr_c.a(_fdopen.o)
 .data          0x00000000        0x0 /usr/local/mcuxpressoide-10.0.0_344/ide/tools/bin/../lib/gcc/arm-none-eabi/5.4.1/../../../../arm-none-eabi/lib/armv6-m/libcr_c.a(_fdopen.o)
 .bss           0x00000000        0x0 /usr/local/mcuxpressoide-10.0.0_344/ide/tools/bin/../lib/gcc/arm-none-eabi/5.4.1/../../../../arm-none-eabi/lib/armv6-m/libcr_c.a(_fdopen.o)
 .text          0x00000000        0x0 /usr/local/mcuxpressoide-10.0.0_344/ide/tools/bin/../lib/gcc/arm-none-eabi/5.4.1/../../../../arm-none-eabi/lib/armv6-m/libcr_c.a(fclose.o)
 .data          0x00000000        0x0 /usr/local/mcuxpressoide-10.0.0_344/ide/tools/bin/../lib/gcc/arm-none-eabi/5.4.1/../../../../arm-none-eabi/lib/armv6-m/libcr_c.a(fclose.o)
 .bss           0x00000000        0x0 /usr/local/mcuxpressoide-10.0.0_344/ide/tools/bin/../lib/gcc/arm-none-eabi/5.4.1/../../../../arm-none-eabi/lib/armv6-m/libcr_c.a(fclose.o)
 .text          0x00000000        0x0 /usr/local/mcuxpressoide-10.0.0_344/ide/tools/bin/../lib/gcc/arm-none-eabi/5.4.1/../../../../arm-none-eabi/lib/armv6-m/libcr_c.a(fflush.o)
 .data          0x00000000        0x0 /usr/local/mcuxpressoide-10.0.0_344/ide/tools/bin/../lib/gcc/arm-none-eabi/5.4.1/../../../../arm-none-eabi/lib/armv6-m/libcr_c.a(fflush.o)
 .bss           0x00000000        0x0 /usr/local/mcuxpressoide-10.0.0_344/ide/tools/bin/../lib/gcc/arm-none-eabi/5.4.1/../../../../arm-none-eabi/lib/armv6-m/libcr_c.a(fflush.o)
 .text          0x00000000        0x0 /usr/local/mcuxpressoide-10.0.0_344/ide/tools/bin/../lib/gcc/arm-none-eabi/5.4.1/../../../../arm-none-eabi/lib/armv6-m/libcr_c.a(fseek.o)
 .data          0x00000000        0x0 /usr/local/mcuxpressoide-10.0.0_344/ide/tools/bin/../lib/gcc/arm-none-eabi/5.4.1/../../../../arm-none-eabi/lib/armv6-m/libcr_c.a(fseek.o)
 .bss           0x00000000        0x0 /usr/local/mcuxpressoide-10.0.0_344/ide/tools/bin/../lib/gcc/arm-none-eabi/5.4.1/../../../../arm-none-eabi/lib/armv6-m/libcr_c.a(fseek.o)
 .text          0x00000000        0x0 /usr/local/mcuxpressoide-10.0.0_344/ide/tools/bin/../lib/gcc/arm-none-eabi/5.4.1/../../../../arm-none-eabi/lib/armv6-m/libcr_c.a(ftell.o)
 .data          0x00000000        0x0 /usr/local/mcuxpressoide-10.0.0_344/ide/tools/bin/../lib/gcc/arm-none-eabi/5.4.1/../../../../arm-none-eabi/lib/armv6-m/libcr_c.a(ftell.o)
 .bss           0x00000000        0x0 /usr/local/mcuxpressoide-10.0.0_344/ide/tools/bin/../lib/gcc/arm-none-eabi/5.4.1/../../../../arm-none-eabi/lib/armv6-m/libcr_c.a(ftell.o)
 .text          0x00000000        0x0 /usr/local/mcuxpressoide-10.0.0_344/ide/tools/bin/../lib/gcc/arm-none-eabi/5.4.1/../../../../arm-none-eabi/lib/armv6-m/libcr_c.a(remove.o)
 .data          0x00000000        0x0 /usr/local/mcuxpressoide-10.0.0_344/ide/tools/bin/../lib/gcc/arm-none-eabi/5.4.1/../../../../arm-none-eabi/lib/armv6-m/libcr_c.a(remove.o)
 .bss           0x00000000        0x0 /usr/local/mcuxpressoide-10.0.0_344/ide/tools/bin/../lib/gcc/arm-none-eabi/5.4.1/../../../../arm-none-eabi/lib/armv6-m/libcr_c.a(remove.o)
 .text.rename   0x00000000       0x26 /usr/local/mcuxpressoide-10.0.0_344/ide/tools/bin/../lib/gcc/arm-none-eabi/5.4.1/../../../../arm-none-eabi/lib/armv6-m/libcr_c.a(remove.o)
 .text          0x00000000        0x0 /usr/local/mcuxpressoide-10.0.0_344/ide/tools/bin/../lib/gcc/arm-none-eabi/5.4.1/../../../../arm-none-eabi/lib/armv6-m/libcr_c.a(strlen.o)
 .data          0x00000000        0x0 /usr/local/mcuxpressoide-10.0.0_344/ide/tools/bin/../lib/gcc/arm-none-eabi/5.4.1/../../../../arm-none-eabi/lib/armv6-m/libcr_c.a(strlen.o)
 .bss           0x00000000        0x0 /usr/local/mcuxpressoide-10.0.0_344/ide/tools/bin/../lib/gcc/arm-none-eabi/5.4.1/../../../../arm-none-eabi/lib/armv6-m/libcr_c.a(strlen.o)
 .text          0x00000000        0x0 /usr/local/mcuxpressoide-10.0.0_344/ide/tools/bin/../lib/gcc/arm-none-eabi/5.4.1/../../../../arm-none-eabi/lib/armv6-m/libcr_c.a(memset.o)
 .data          0x00000000        0x0 /usr/local/mcuxpressoide-10.0.0_344/ide/tools/bin/../lib/gcc/arm-none-eabi/5.4.1/../../../../arm-none-eabi/lib/armv6-m/libcr_c.a(memset.o)
 .bss           0x00000000        0x0 /usr/local/mcuxpressoide-10.0.0_344/ide/tools/bin/../lib/gcc/arm-none-eabi/5.4.1/../../../../arm-none-eabi/lib/armv6-m/libcr_c.a(memset.o)
 .text          0x00000000        0x0 /usr/local/mcuxpressoide-10.0.0_344/ide/tools/bin/../lib/gcc/arm-none-eabi/5.4.1/../../../../arm-none-eabi/lib/armv6-m/libcr_c.a(_do_fflush.o)
 .data          0x00000000        0x0 /usr/local/mcuxpressoide-10.0.0_344/ide/tools/bin/../lib/gcc/arm-none-eabi/5.4.1/../../../../arm-none-eabi/lib/armv6-m/libcr_c.a(_do_fflush.o)
 .bss           0x00000000        0x0 /usr/local/mcuxpressoide-10.0.0_344/ide/tools/bin/../lib/gcc/arm-none-eabi/5.4.1/../../../../arm-none-eabi/lib/armv6-m/libcr_c.a(_do_fflush.o)
 .text          0x00000000        0x0 /usr/local/mcuxpressoide-10.0.0_344/ide/tools/bin/../lib/gcc/arm-none-eabi/5.4.1/../../../../arm-none-eabi/lib/armv6-m/libcr_c.a(_fflush.o)
 .data          0x00000000        0x0 /usr/local/mcuxpressoide-10.0.0_344/ide/tools/bin/../lib/gcc/arm-none-eabi/5.4.1/../../../../arm-none-eabi/lib/armv6-m/libcr_c.a(_fflush.o)
 .bss           0x00000000        0x0 /usr/local/mcuxpressoide-10.0.0_344/ide/tools/bin/../lib/gcc/arm-none-eabi/5.4.1/../../../../arm-none-eabi/lib/armv6-m/libcr_c.a(_fflush.o)
 .text          0x00000000        0x0 /usr/local/mcuxpressoide-10.0.0_344/ide/tools/bin/../lib/gcc/arm-none-eabi/5.4.1/../../../../arm-none-eabi/lib/armv6-m/libcr_c.a(_writebuf.o)
 .data          0x00000000        0x0 /usr/local/mcuxpressoide-10.0.0_344/ide/tools/bin/../lib/gcc/arm-none-eabi/5.4.1/../../../../arm-none-eabi/lib/armv6-m/libcr_c.a(_writebuf.o)
 .bss           0x00000000        0x0 /usr/local/mcuxpressoide-10.0.0_344/ide/tools/bin/../lib/gcc/arm-none-eabi/5.4.1/../../../../arm-none-eabi/lib/armv6-m/libcr_c.a(_writebuf.o)
 .text          0x00000000        0x0 /usr/local/mcuxpressoide-10.0.0_344/ide/tools/bin/../lib/gcc/arm-none-eabi/5.4.1/../../../../arm-none-eabi/lib/armv6-m/libcr_c.a(alloc.o)
 .data          0x00000000        0x0 /usr/local/mcuxpressoide-10.0.0_344/ide/tools/bin/../lib/gcc/arm-none-eabi/5.4.1/../../../../arm-none-eabi/lib/armv6-m/libcr_c.a(alloc.o)
 .bss           0x00000000        0x0 /usr/local/mcuxpressoide-10.0.0_344/ide/tools/bin/../lib/gcc/arm-none-eabi/5.4.1/../../../../arm-none-eabi/lib/armv6-m/libcr_c.a(alloc.o)
 .text.malloc   0x00000000       0xcc /usr/local/mcuxpressoide-10.0.0_344/ide/tools/bin/../lib/gcc/arm-none-eabi/5.4.1/../../../../arm-none-eabi/lib/armv6-m/libcr_c.a(alloc.o)
 .text.calloc   0x00000000       0x50 /usr/local/mcuxpressoide-10.0.0_344/ide/tools/bin/../lib/gcc/arm-none-eabi/5.4.1/../../../../arm-none-eabi/lib/armv6-m/libcr_c.a(alloc.o)
 .text._Csys_alloc
                0x00000000       0x20 /usr/local/mcuxpressoide-10.0.0_344/ide/tools/bin/../lib/gcc/arm-none-eabi/5.4.1/../../../../arm-none-eabi/lib/armv6-m/libcr_c.a(alloc.o)
 .text.realloc  0x00000000       0x26 /usr/local/mcuxpressoide-10.0.0_344/ide/tools/bin/../lib/gcc/arm-none-eabi/5.4.1/../../../../arm-none-eabi/lib/armv6-m/libcr_c.a(alloc.o)
 .rodata.str1.1
                0x00000000       0x18 /usr/local/mcuxpressoide-10.0.0_344/ide/tools/bin/../lib/gcc/arm-none-eabi/5.4.1/../../../../arm-none-eabi/lib/armv6-m/libcr_c.a(alloc.o)
 .text          0x00000000        0x0 /usr/local/mcuxpressoide-10.0.0_344/ide/tools/bin/../lib/gcc/arm-none-eabi/5.4.1/../../../../arm-none-eabi/lib/armv6-m/libcr_c.a(errno.o)
 .data          0x00000000        0x0 /usr/local/mcuxpressoide-10.0.0_344/ide/tools/bin/../lib/gcc/arm-none-eabi/5.4.1/../../../../arm-none-eabi/lib/armv6-m/libcr_c.a(errno.o)
 .bss           0x00000000        0x0 /usr/local/mcuxpressoide-10.0.0_344/ide/tools/bin/../lib/gcc/arm-none-eabi/5.4.1/../../../../arm-none-eabi/lib/armv6-m/libcr_c.a(errno.o)
 .text          0x00000000        0x0 /usr/local/mcuxpressoide-10.0.0_344/ide/tools/bin/../lib/gcc/arm-none-eabi/5.4.1/../../../../arm-none-eabi/lib/armv6-m/libcr_c.a(memcpy.o)
 .data          0x00000000        0x0 /usr/local/mcuxpressoide-10.0.0_344/ide/tools/bin/../lib/gcc/arm-none-eabi/5.4.1/../../../../arm-none-eabi/lib/armv6-m/libcr_c.a(memcpy.o)
 .bss           0x00000000        0x0 /usr/local/mcuxpressoide-10.0.0_344/ide/tools/bin/../lib/gcc/arm-none-eabi/5.4.1/../../../../arm-none-eabi/lib/armv6-m/libcr_c.a(memcpy.o)
 .text.memcpy   0x00000000        0x8 /usr/local/mcuxpressoide-10.0.0_344/ide/tools/bin/../lib/gcc/arm-none-eabi/5.4.1/../../../../arm-none-eabi/lib/armv6-m/libcr_c.a(memcpy.o)
 .comment       0x00000000       0x6f /usr/local/mcuxpressoide-10.0.0_344/ide/tools/bin/../lib/gcc/arm-none-eabi/5.4.1/../../../../arm-none-eabi/lib/armv6-m/libcr_c.a(memcpy.o)
 .ARM.attributes
                0x00000000       0x31 /usr/local/mcuxpressoide-10.0.0_344/ide/tools/bin/../lib/gcc/arm-none-eabi/5.4.1/../../../../arm-none-eabi/lib/armv6-m/libcr_c.a(memcpy.o)
 .text          0x00000000        0x0 /usr/local/mcuxpressoide-10.0.0_344/ide/tools/bin/../lib/gcc/arm-none-eabi/5.4.1/../../../../arm-none-eabi/lib/armv6-m/libcr_c.a(__init_alloc.o)
 .data          0x00000000        0x0 /usr/local/mcuxpressoide-10.0.0_344/ide/tools/bin/../lib/gcc/arm-none-eabi/5.4.1/../../../../arm-none-eabi/lib/armv6-m/libcr_c.a(__init_alloc.o)
 .bss           0x00000000        0x0 /usr/local/mcuxpressoide-10.0.0_344/ide/tools/bin/../lib/gcc/arm-none-eabi/5.4.1/../../../../arm-none-eabi/lib/armv6-m/libcr_c.a(__init_alloc.o)
 .text._init_alloc
                0x00000000       0x14 /usr/local/mcuxpressoide-10.0.0_344/ide/tools/bin/../lib/gcc/arm-none-eabi/5.4.1/../../../../arm-none-eabi/lib/armv6-m/libcr_c.a(__init_alloc.o)
 .bss.__heaps   0x00000000        0x4 /usr/local/mcuxpressoide-10.0.0_344/ide/tools/bin/../lib/gcc/arm-none-eabi/5.4.1/../../../../arm-none-eabi/lib/armv6-m/libcr_c.a(__init_alloc.o)
 .bss.__end_of_heap
                0x00000000        0x4 /usr/local/mcuxpressoide-10.0.0_344/ide/tools/bin/../lib/gcc/arm-none-eabi/5.4.1/../../../../arm-none-eabi/lib/armv6-m/libcr_c.a(__init_alloc.o)
 .comment       0x00000000       0x6f /usr/local/mcuxpressoide-10.0.0_344/ide/tools/bin/../lib/gcc/arm-none-eabi/5.4.1/../../../../arm-none-eabi/lib/armv6-m/libcr_c.a(__init_alloc.o)
 .ARM.attributes
                0x00000000       0x31 /usr/local/mcuxpressoide-10.0.0_344/ide/tools/bin/../lib/gcc/arm-none-eabi/5.4.1/../../../../arm-none-eabi/lib/armv6-m/libcr_c.a(__init_alloc.o)
 .text          0x00000000        0x0 /usr/local/mcuxpressoide-10.0.0_344/ide/tools/bin/../lib/gcc/arm-none-eabi/5.4.1/../../../../arm-none-eabi/lib/armv6-m/libcr_c.a(_cr_sbrk.o)
 .data          0x00000000        0x0 /usr/local/mcuxpressoide-10.0.0_344/ide/tools/bin/../lib/gcc/arm-none-eabi/5.4.1/../../../../arm-none-eabi/lib/armv6-m/libcr_c.a(_cr_sbrk.o)
 .bss           0x00000000        0x0 /usr/local/mcuxpressoide-10.0.0_344/ide/tools/bin/../lib/gcc/arm-none-eabi/5.4.1/../../../../arm-none-eabi/lib/armv6-m/libcr_c.a(_cr_sbrk.o)
 .text._sbrk    0x00000000       0x40 /usr/local/mcuxpressoide-10.0.0_344/ide/tools/bin/../lib/gcc/arm-none-eabi/5.4.1/../../../../arm-none-eabi/lib/armv6-m/libcr_c.a(_cr_sbrk.o)
 .comment       0x00000000       0x6f /usr/local/mcuxpressoide-10.0.0_344/ide/tools/bin/../lib/gcc/arm-none-eabi/5.4.1/../../../../arm-none-eabi/lib/armv6-m/libcr_c.a(_cr_sbrk.o)
 .ARM.attributes
                0x00000000       0x31 /usr/local/mcuxpressoide-10.0.0_344/ide/tools/bin/../lib/gcc/arm-none-eabi/5.4.1/../../../../arm-none-eabi/lib/armv6-m/libcr_c.a(_cr_sbrk.o)
 .text          0x00000000        0x0 /usr/local/mcuxpressoide-10.0.0_344/ide/tools/bin/../lib/gcc/arm-none-eabi/5.4.1/../../../../arm-none-eabi/lib/armv6-m/libcr_c.a(_deferredlazyseek.o)
 .data          0x00000000        0x0 /usr/local/mcuxpressoide-10.0.0_344/ide/tools/bin/../lib/gcc/arm-none-eabi/5.4.1/../../../../arm-none-eabi/lib/armv6-m/libcr_c.a(_deferredlazyseek.o)
 .bss           0x00000000        0x0 /usr/local/mcuxpressoide-10.0.0_344/ide/tools/bin/../lib/gcc/arm-none-eabi/5.4.1/../../../../arm-none-eabi/lib/armv6-m/libcr_c.a(_deferredlazyseek.o)
 .text.__flsbuf
                0x00000000      0x14c /usr/local/mcuxpressoide-10.0.0_344/ide/tools/bin/../lib/gcc/arm-none-eabi/5.4.1/../../../../arm-none-eabi/lib/armv6-m/libcr_c.a(_deferredlazyseek.o)
 .text          0x00000000        0x0 /usr/local/mcuxpressoide-10.0.0_344/ide/tools/bin/../lib/gcc/arm-none-eabi/5.4.1/../../../../arm-none-eabi/lib/armv6-m/libcr_c.a(_cr_check_heap.o)
 .data          0x00000000        0x0 /usr/local/mcuxpressoide-10.0.0_344/ide/tools/bin/../lib/gcc/arm-none-eabi/5.4.1/../../../../arm-none-eabi/lib/armv6-m/libcr_c.a(_cr_check_heap.o)
 .bss           0x00000000        0x0 /usr/local/mcuxpressoide-10.0.0_344/ide/tools/bin/../lib/gcc/arm-none-eabi/5.4.1/../../../../arm-none-eabi/lib/armv6-m/libcr_c.a(_cr_check_heap.o)
 .text.__check_heap_overflow
                0x00000000       0x14 /usr/local/mcuxpressoide-10.0.0_344/ide/tools/bin/../lib/gcc/arm-none-eabi/5.4.1/../../../../arm-none-eabi/lib/armv6-m/libcr_c.a(_cr_check_heap.o)
 .comment       0x00000000       0x6f /usr/local/mcuxpressoide-10.0.0_344/ide/tools/bin/../lib/gcc/arm-none-eabi/5.4.1/../../../../arm-none-eabi/lib/armv6-m/libcr_c.a(_cr_check_heap.o)
 .ARM.attributes
                0x00000000       0x31 /usr/local/mcuxpressoide-10.0.0_344/ide/tools/bin/../lib/gcc/arm-none-eabi/5.4.1/../../../../arm-none-eabi/lib/armv6-m/libcr_c.a(_cr_check_heap.o)
 .text          0x00000000        0x0 /usr/local/mcuxpressoide-10.0.0_344/ide/tools/bin/../lib/gcc/arm-none-eabi/5.4.1/armv6-m/libcr_eabihelpers.a(division_32.o)
 .data          0x00000000        0x0 /usr/local/mcuxpressoide-10.0.0_344/ide/tools/bin/../lib/gcc/arm-none-eabi/5.4.1/armv6-m/libcr_eabihelpers.a(division_32.o)
 .bss           0x00000000        0x0 /usr/local/mcuxpressoide-10.0.0_344/ide/tools/bin/../lib/gcc/arm-none-eabi/5.4.1/armv6-m/libcr_eabihelpers.a(division_32.o)
 .text.__aeabi_division_idivmod
                0x00000000       0x78 /usr/local/mcuxpressoide-10.0.0_344/ide/tools/bin/../lib/gcc/arm-none-eabi/5.4.1/armv6-m/libcr_eabihelpers.a(division_32.o)
 .ARM.attributes
                0x00000000       0x21 /usr/local/mcuxpressoide-10.0.0_344/ide/tools/bin/../lib/gcc/arm-none-eabi/5.4.1/armv6-m/libcr_eabihelpers.a(division_32.o)
 .text          0x00000000        0x0 /usr/local/mcuxpressoide-10.0.0_344/ide/tools/bin/../lib/gcc/arm-none-eabi/5.4.1/armv6-m/libcr_eabihelpers.a(division_idiv0.o)
 .data          0x00000000        0x0 /usr/local/mcuxpressoide-10.0.0_344/ide/tools/bin/../lib/gcc/arm-none-eabi/5.4.1/armv6-m/libcr_eabihelpers.a(division_idiv0.o)
 .bss           0x00000000        0x0 /usr/local/mcuxpressoide-10.0.0_344/ide/tools/bin/../lib/gcc/arm-none-eabi/5.4.1/armv6-m/libcr_eabihelpers.a(division_idiv0.o)
 .text.__aeabi_division_idiv0
                0x00000000        0x2 /usr/local/mcuxpressoide-10.0.0_344/ide/tools/bin/../lib/gcc/arm-none-eabi/5.4.1/armv6-m/libcr_eabihelpers.a(division_idiv0.o)
 .ARM.attributes
                0x00000000       0x21 /usr/local/mcuxpressoide-10.0.0_344/ide/tools/bin/../lib/gcc/arm-none-eabi/5.4.1/armv6-m/libcr_eabihelpers.a(division_idiv0.o)
 .text          0x00000000        0x0 /usr/local/mcuxpressoide-10.0.0_344/ide/tools/bin/../lib/gcc/arm-none-eabi/5.4.1/armv6-m/libcr_eabihelpers.a(memcpy.o)
 .data          0x00000000        0x0 /usr/local/mcuxpressoide-10.0.0_344/ide/tools/bin/../lib/gcc/arm-none-eabi/5.4.1/armv6-m/libcr_eabihelpers.a(memcpy.o)
 .bss           0x00000000        0x0 /usr/local/mcuxpressoide-10.0.0_344/ide/tools/bin/../lib/gcc/arm-none-eabi/5.4.1/armv6-m/libcr_eabihelpers.a(memcpy.o)
 .text.__aeabi_memcpy
                0x00000000       0x2c /usr/local/mcuxpressoide-10.0.0_344/ide/tools/bin/../lib/gcc/arm-none-eabi/5.4.1/armv6-m/libcr_eabihelpers.a(memcpy.o)
 .text.__aeabi_memmove
                0x00000000       0x1c /usr/local/mcuxpressoide-10.0.0_344/ide/tools/bin/../lib/gcc/arm-none-eabi/5.4.1/armv6-m/libcr_eabihelpers.a(memcpy.o)
 .text.__aeabi_memclr
                0x00000000        0x6 /usr/local/mcuxpressoide-10.0.0_344/ide/tools/bin/../lib/gcc/arm-none-eabi/5.4.1/armv6-m/libcr_eabihelpers.a(memcpy.o)
 .text.__aeabi_memset
                0x00000000        0x8 /usr/local/mcuxpressoide-10.0.0_344/ide/tools/bin/../lib/gcc/arm-none-eabi/5.4.1/armv6-m/libcr_eabihelpers.a(memcpy.o)
 .text          0x00000000        0x0 /usr/local/mcuxpressoide-10.0.0_344/ide/tools/bin/../lib/gcc/arm-none-eabi/5.4.1/../../../../arm-none-eabi/lib/armv6-m/libcr_nohost_nf.a(__ciob.o)
 .data          0x00000000        0x0 /usr/local/mcuxpressoide-10.0.0_344/ide/tools/bin/../lib/gcc/arm-none-eabi/5.4.1/../../../../arm-none-eabi/lib/armv6-m/libcr_nohost_nf.a(__ciob.o)
 .bss           0x00000000        0x0 /usr/local/mcuxpressoide-10.0.0_344/ide/tools/bin/../lib/gcc/arm-none-eabi/5.4.1/../../../../arm-none-eabi/lib/armv6-m/libcr_nohost_nf.a(__ciob.o)
 .text          0x00000000        0x0 /usr/local/mcuxpressoide-10.0.0_344/ide/tools/bin/../lib/gcc/arm-none-eabi/5.4.1/../../../../arm-none-eabi/lib/armv6-m/libcr_nohost_nf.a(__sys_appexit.o)
 .data          0x00000000        0x0 /usr/local/mcuxpressoide-10.0.0_344/ide/tools/bin/../lib/gcc/arm-none-eabi/5.4.1/../../../../arm-none-eabi/lib/armv6-m/libcr_nohost_nf.a(__sys_appexit.o)
 .bss           0x00000000        0x0 /usr/local/mcuxpressoide-10.0.0_344/ide/tools/bin/../lib/gcc/arm-none-eabi/5.4.1/../../../../arm-none-eabi/lib/armv6-m/libcr_nohost_nf.a(__sys_appexit.o)
 .text.__sys_appexit
                0x00000000        0x2 /usr/local/mcuxpressoide-10.0.0_344/ide/tools/bin/../lib/gcc/arm-none-eabi/5.4.1/../../../../arm-none-eabi/lib/armv6-m/libcr_nohost_nf.a(__sys_appexit.o)
 .comment       0x00000000       0x6f /usr/local/mcuxpressoide-10.0.0_344/ide/tools/bin/../lib/gcc/arm-none-eabi/5.4.1/../../../../arm-none-eabi/lib/armv6-m/libcr_nohost_nf.a(__sys_appexit.o)
 .ARM.attributes
                0x00000000       0x31 /usr/local/mcuxpressoide-10.0.0_344/ide/tools/bin/../lib/gcc/arm-none-eabi/5.4.1/../../../../arm-none-eabi/lib/armv6-m/libcr_nohost_nf.a(__sys_appexit.o)
 .text          0x00000000        0x0 /usr/local/mcuxpressoide-10.0.0_344/ide/tools/bin/../lib/gcc/arm-none-eabi/5.4.1/../../../../arm-none-eabi/lib/armv6-m/libcr_nohost_nf.a(__sys_close.o)
 .data          0x00000000        0x0 /usr/local/mcuxpressoide-10.0.0_344/ide/tools/bin/../lib/gcc/arm-none-eabi/5.4.1/../../../../arm-none-eabi/lib/armv6-m/libcr_nohost_nf.a(__sys_close.o)
 .bss           0x00000000        0x0 /usr/local/mcuxpressoide-10.0.0_344/ide/tools/bin/../lib/gcc/arm-none-eabi/5.4.1/../../../../arm-none-eabi/lib/armv6-m/libcr_nohost_nf.a(__sys_close.o)
 .text          0x00000000        0x0 /usr/local/mcuxpressoide-10.0.0_344/ide/tools/bin/../lib/gcc/arm-none-eabi/5.4.1/../../../../arm-none-eabi/lib/armv6-m/libcr_nohost_nf.a(__sys_flen.o)
 .data          0x00000000        0x0 /usr/local/mcuxpressoide-10.0.0_344/ide/tools/bin/../lib/gcc/arm-none-eabi/5.4.1/../../../../arm-none-eabi/lib/armv6-m/libcr_nohost_nf.a(__sys_flen.o)
 .bss           0x00000000        0x0 /usr/local/mcuxpressoide-10.0.0_344/ide/tools/bin/../lib/gcc/arm-none-eabi/5.4.1/../../../../arm-none-eabi/lib/armv6-m/libcr_nohost_nf.a(__sys_flen.o)
 .text          0x00000000        0x0 /usr/local/mcuxpressoide-10.0.0_344/ide/tools/bin/../lib/gcc/arm-none-eabi/5.4.1/../../../../arm-none-eabi/lib/armv6-m/libcr_nohost_nf.a(__sys_istty.o)
 .data          0x00000000        0x0 /usr/local/mcuxpressoide-10.0.0_344/ide/tools/bin/../lib/gcc/arm-none-eabi/5.4.1/../../../../arm-none-eabi/lib/armv6-m/libcr_nohost_nf.a(__sys_istty.o)
 .bss           0x00000000        0x0 /usr/local/mcuxpressoide-10.0.0_344/ide/tools/bin/../lib/gcc/arm-none-eabi/5.4.1/../../../../arm-none-eabi/lib/armv6-m/libcr_nohost_nf.a(__sys_istty.o)
 .text          0x00000000        0x0 /usr/local/mcuxpressoide-10.0.0_344/ide/tools/bin/../lib/gcc/arm-none-eabi/5.4.1/../../../../arm-none-eabi/lib/armv6-m/libcr_nohost_nf.a(__sys_remove.o)
 .data          0x00000000        0x0 /usr/local/mcuxpressoide-10.0.0_344/ide/tools/bin/../lib/gcc/arm-none-eabi/5.4.1/../../../../arm-none-eabi/lib/armv6-m/libcr_nohost_nf.a(__sys_remove.o)
 .bss           0x00000000        0x0 /usr/local/mcuxpressoide-10.0.0_344/ide/tools/bin/../lib/gcc/arm-none-eabi/5.4.1/../../../../arm-none-eabi/lib/armv6-m/libcr_nohost_nf.a(__sys_remove.o)
 .text          0x00000000        0x0 /usr/local/mcuxpressoide-10.0.0_344/ide/tools/bin/../lib/gcc/arm-none-eabi/5.4.1/../../../../arm-none-eabi/lib/armv6-m/libcr_nohost_nf.a(__sys_rename.o)
 .data          0x00000000        0x0 /usr/local/mcuxpressoide-10.0.0_344/ide/tools/bin/../lib/gcc/arm-none-eabi/5.4.1/../../../../arm-none-eabi/lib/armv6-m/libcr_nohost_nf.a(__sys_rename.o)
 .bss           0x00000000        0x0 /usr/local/mcuxpressoide-10.0.0_344/ide/tools/bin/../lib/gcc/arm-none-eabi/5.4.1/../../../../arm-none-eabi/lib/armv6-m/libcr_nohost_nf.a(__sys_rename.o)
 .text.__sys_rename
                0x00000000        0x6 /usr/local/mcuxpressoide-10.0.0_344/ide/tools/bin/../lib/gcc/arm-none-eabi/5.4.1/../../../../arm-none-eabi/lib/armv6-m/libcr_nohost_nf.a(__sys_rename.o)
 .comment       0x00000000       0x6f /usr/local/mcuxpressoide-10.0.0_344/ide/tools/bin/../lib/gcc/arm-none-eabi/5.4.1/../../../../arm-none-eabi/lib/armv6-m/libcr_nohost_nf.a(__sys_rename.o)
 .ARM.attributes
                0x00000000       0x31 /usr/local/mcuxpressoide-10.0.0_344/ide/tools/bin/../lib/gcc/arm-none-eabi/5.4.1/../../../../arm-none-eabi/lib/armv6-m/libcr_nohost_nf.a(__sys_rename.o)
 .text          0x00000000        0x0 /usr/local/mcuxpressoide-10.0.0_344/ide/tools/bin/../lib/gcc/arm-none-eabi/5.4.1/../../../../arm-none-eabi/lib/armv6-m/libcr_nohost_nf.a(__sys_seek.o)
 .data          0x00000000        0x0 /usr/local/mcuxpressoide-10.0.0_344/ide/tools/bin/../lib/gcc/arm-none-eabi/5.4.1/../../../../arm-none-eabi/lib/armv6-m/libcr_nohost_nf.a(__sys_seek.o)
 .bss           0x00000000        0x0 /usr/local/mcuxpressoide-10.0.0_344/ide/tools/bin/../lib/gcc/arm-none-eabi/5.4.1/../../../../arm-none-eabi/lib/armv6-m/libcr_nohost_nf.a(__sys_seek.o)
 .text          0x00000000        0x0 /usr/local/mcuxpressoide-10.0.0_344/ide/tools/bin/../lib/gcc/arm-none-eabi/5.4.1/../../../../arm-none-eabi/lib/armv6-m/libcr_nohost_nf.a(__sys_tmpnam.o)
 .data          0x00000000        0x0 /usr/local/mcuxpressoide-10.0.0_344/ide/tools/bin/../lib/gcc/arm-none-eabi/5.4.1/../../../../arm-none-eabi/lib/armv6-m/libcr_nohost_nf.a(__sys_tmpnam.o)
 .bss           0x00000000        0x0 /usr/local/mcuxpressoide-10.0.0_344/ide/tools/bin/../lib/gcc/arm-none-eabi/5.4.1/../../../../arm-none-eabi/lib/armv6-m/libcr_nohost_nf.a(__sys_tmpnam.o)
 .text          0x00000000        0x0 /usr/local/mcuxpressoide-10.0.0_344/ide/tools/bin/../lib/gcc/arm-none-eabi/5.4.1/../../../../arm-none-eabi/lib/armv6-m/libcr_nohost_nf.a(__sys_write.o)
 .data          0x00000000        0x0 /usr/local/mcuxpressoide-10.0.0_344/ide/tools/bin/../lib/gcc/arm-none-eabi/5.4.1/../../../../arm-none-eabi/lib/armv6-m/libcr_nohost_nf.a(__sys_write.o)
 .bss           0x00000000        0x0 /usr/local/mcuxpressoide-10.0.0_344/ide/tools/bin/../lib/gcc/arm-none-eabi/5.4.1/../../../../arm-none-eabi/lib/armv6-m/libcr_nohost_nf.a(__sys_write.o)

Memory Configuration

Name             Origin             Length             Attributes
PROGRAM_FLASH    0x00000000         0x00020000         xr
SRAM             0x1ffff000         0x00004000         xrw
*default*        0x00000000         0xffffffff

Linker script and memory map

LOAD ./startup/startup_mkl25z4.o
LOAD ./source/GPIO.o
LOAD ./source/main.o
LOAD ./CMSIS/system_MKL25Z4.o
START GROUP
LOAD /usr/local/mcuxpressoide-10.0.0_344/ide/tools/bin/../lib/gcc/arm-none-eabi/5.4.1/../../../../arm-none-eabi/lib/armv6-m/libcr_nohost_nf.a
LOAD /usr/local/mcuxpressoide-10.0.0_344/ide/tools/bin/../lib/gcc/arm-none-eabi/5.4.1/../../../../arm-none-eabi/lib/armv6-m/libcr_c.a
LOAD /usr/local/mcuxpressoide-10.0.0_344/ide/tools/bin/../lib/gcc/arm-none-eabi/5.4.1/armv6-m/libcr_eabihelpers.a
END GROUP
                0x00000000                __base_PROGRAM_FLASH = 0x0
                0x00000000                __base_Flash = 0x0
                0x00020000                __top_PROGRAM_FLASH = 0x20000
                0x00020000                __top_Flash = 0x20000
                0x1ffff000                __base_SRAM = 0x1ffff000
                0x1ffff000                __base_RAM = 0x1ffff000
                0x20003000                __top_SRAM = 0x20003000
                0x20003000                __top_RAM = 0x20003000

.text           0x00000000      0xf1c
 FILL mask 0xff
                0x00000000                __vectors_start__ = ABSOLUTE (.)
 *(.isr_vector)
 .isr_vector    0x00000000       0xc0 ./startup/startup_mkl25z4.o
                0x00000000                __Vectors
                0x00000000                g_pfnVectors
                0x000000c0                . = ALIGN (0x4)
                0x000000c0                __section_table_start = .
                0x000000c0                __data_section_table = .
                0x000000c0        0x4 LONG 0xf1c LOADADDR (.data)
                0x000000c4        0x4 LONG 0x1ffff000 ADDR (.data)
                0x000000c8        0x4 LONG 0x0 SIZEOF (.data)
                0x000000cc                __data_section_table_end = .
                0x000000cc                __bss_section_table = .
                0x000000cc        0x4 LONG 0x1ffff000 ADDR (.bss)
                0x000000d0        0x4 LONG 0xb8 SIZEOF (.bss)
                0x000000d4                __bss_section_table_end = .
                0x000000d4                __section_table_end = .
 *(.after_vectors*)
 .after_vectors.init_data
                0x000000d4       0x18 ./startup/startup_mkl25z4.o
                0x000000d4                data_init
 .after_vectors.init_bss
                0x000000ec       0x14 ./startup/startup_mkl25z4.o
                0x000000ec                bss_init
 .after_vectors.reset
                0x00000100       0x4c ./startup/startup_mkl25z4.o
                0x00000100                ResetISR
 .after_vectors
                0x0000014c      0x118 ./startup/startup_mkl25z4.o
                0x0000014c                NMI_Handler
                0x00000150                HardFault_Handler
                0x00000154                SVC_Handler
                0x00000158                PendSV_Handler
                0x0000015c                SysTick_Handler
                0x00000160                PIT_DriverIRQHandler
                0x00000160                Reserved39_DriverIRQHandler
                0x00000160                DMA0_DriverIRQHandler
                0x00000160                SPI1_DriverIRQHandler
                0x00000160                LPTMR0_DriverIRQHandler
                0x00000160                TPM2_DriverIRQHandler
                0x00000160                TSI0_DriverIRQHandler
                0x00000160                RTC_Seconds_DriverIRQHandler
                0x00000160                LLWU_DriverIRQHandler
                0x00000160                MCG_DriverIRQHandler
                0x00000160                UART1_DriverIRQHandler
                0x00000160                FTFA_DriverIRQHandler
                0x00000160                IntDefaultHandler
                0x00000160                USB0_DriverIRQHandler
                0x00000160                DAC0_DriverIRQHandler
                0x00000160                LVD_LVW_DriverIRQHandler
                0x00000160                TPM0_DriverIRQHandler
                0x00000160                Reserved20_DriverIRQHandler
                0x00000160                DMA3_DriverIRQHandler
                0x00000160                Reserved45_DriverIRQHandler
                0x00000160                PORTA_DriverIRQHandler
                0x00000160                TPM1_DriverIRQHandler
                0x00000160                RTC_DriverIRQHandler
                0x00000160                UART2_DriverIRQHandler
                0x00000160                DMA1_DriverIRQHandler
                0x00000160                I2C1_DriverIRQHandler
                0x00000160                UART0_DriverIRQHandler
                0x00000160                SPI0_DriverIRQHandler
                0x00000160                ADC0_DriverIRQHandler
                0x00000160                CMP0_DriverIRQHandler
                0x00000160                DMA2_DriverIRQHandler
                0x00000160                PORTD_DriverIRQHandler
                0x00000160                I2C0_DriverIRQHandler
                0x00000164                DMA0_IRQHandler
                0x0000016c                DMA1_IRQHandler
                0x00000174                DMA2_IRQHandler
                0x0000017c                DMA3_IRQHandler
                0x00000184                Reserved20_IRQHandler
                0x0000018c                FTFA_IRQHandler
                0x00000194                LVD_LVW_IRQHandler
                0x0000019c                LLWU_IRQHandler
                0x000001a4                I2C0_IRQHandler
                0x000001ac                I2C1_IRQHandler
                0x000001b4                SPI0_IRQHandler
                0x000001bc                SPI1_IRQHandler
                0x000001c4                UART0_IRQHandler
                0x000001cc                UART1_IRQHandler
                0x000001d4                UART2_IRQHandler
                0x000001dc                ADC0_IRQHandler
                0x000001e4                CMP0_IRQHandler
                0x000001ec                TPM0_IRQHandler
                0x000001f4                TPM1_IRQHandler
                0x000001fc                TPM2_IRQHandler
                0x00000204                RTC_IRQHandler
                0x0000020c                RTC_Seconds_IRQHandler
                0x00000214                PIT_IRQHandler
                0x0000021c                Reserved39_IRQHandler
                0x00000224                USB0_IRQHandler
                0x0000022c                DAC0_IRQHandler
                0x00000234                TSI0_IRQHandler
                0x0000023c                MCG_IRQHandler
                0x00000244                LPTMR0_IRQHandler
                0x0000024c                Reserved45_IRQHandler
                0x0000025c                PORTD_IRQHandler
                0x00000400                . = 0x400
 *fill*         0x00000264      0x19c ff
                0x00000400                PROVIDE (__FLASH_CONFIG_START__, .)
 *(.FlashConfig)
 .FlashConfig   0x00000400       0x10 ./startup/startup_mkl25z4.o
                0x00000400                Flash_Config
                0x00000410                PROVIDE (__FLASH_CONFIG_END__, .)
                0x00000001                ASSERT (! ((__FLASH_CONFIG_START__ == __FLASH_CONFIG_END__)), Linker Flash Config Support Enabled, but no .FlashConfig section provided within application)
 *(.text*)
 .text.NVIC_EnableIRQ
                0x00000410       0x2c ./source/GPIO.o
 .text.NVIC_SetPriority
                0x0000043c       0xdc ./source/GPIO.o
 .text.GPIO_pinControlRegister
                0x00000518      0x10c ./source/GPIO.o
                0x00000518                GPIO_pinControlRegister
 .text.GPIO_dataDirectionPIN
                0x00000624       0x30 ./source/GPIO.o
                0x00000624                GPIO_dataDirectionPIN
 .text.GPIO_togglePIN
                0x00000654       0x2c ./source/GPIO.o
                0x00000654                GPIO_togglePIN
 .text.GPIO_setPIN
                0x00000680       0x2c ./source/GPIO.o
                0x00000680                GPIO_setPIN
 .text.GPIO_readPIN
                0x000006ac       0x34 ./source/GPIO.o
                0x000006ac                GPIO_readPIN
 .text.GPIO_configureInterrupt
                0x000006e0       0x34 ./source/GPIO.o
                0x000006e0                GPIO_configureInterrupt
 .text.GPIO_clearInterrupt
                0x00000714       0x1c ./source/GPIO.o
                0x00000714                GPIO_clearInterrupt
 .text.PORTA_IRQHandler
                0x00000730       0xc0 ./source/main.o
                0x00000730                PORTA_IRQHandler
 .text.main     0x000007f0        0xc ./source/main.o
                0x000007f0                main
 .text.led_init
                0x000007fc      0x198 ./source/main.o
                0x000007fc                led_init
 .text.SystemInit
                0x00000994       0x18 ./CMSIS/system_MKL25Z4.o
                0x00000994                SystemInit
 .text.__main   0x000009ac        0xc /usr/local/mcuxpressoide-10.0.0_344/ide/tools/bin/../lib/gcc/arm-none-eabi/5.4.1/../../../../arm-none-eabi/lib/armv6-m/libcr_nohost_nf.a(_cr__main.o)
                0x000009ac                __main
 .text._initio  0x000009b8       0x7c /usr/local/mcuxpressoide-10.0.0_344/ide/tools/bin/../lib/gcc/arm-none-eabi/5.4.1/../../../../arm-none-eabi/lib/armv6-m/libcr_c.a(initio.o)
                0x000009b8                _initio
 .text.setvbuf  0x00000a34       0x4c /usr/local/mcuxpressoide-10.0.0_344/ide/tools/bin/../lib/gcc/arm-none-eabi/5.4.1/../../../../arm-none-eabi/lib/armv6-m/libcr_c.a(setvbuf.o)
                0x00000a34                setvbuf
 .text._fdopen  0x00000a80       0x74 /usr/local/mcuxpressoide-10.0.0_344/ide/tools/bin/../lib/gcc/arm-none-eabi/5.4.1/../../../../arm-none-eabi/lib/armv6-m/libcr_c.a(_fdopen.o)
                0x00000a80                _fdopen
 .text.fclose   0x00000af4       0x5c /usr/local/mcuxpressoide-10.0.0_344/ide/tools/bin/../lib/gcc/arm-none-eabi/5.4.1/../../../../arm-none-eabi/lib/armv6-m/libcr_c.a(fclose.o)
                0x00000af4                fclose
 .text.fflush   0x00000b50       0x44 /usr/local/mcuxpressoide-10.0.0_344/ide/tools/bin/../lib/gcc/arm-none-eabi/5.4.1/../../../../arm-none-eabi/lib/armv6-m/libcr_c.a(fflush.o)
                0x00000b50                fflush
 .text.fseek    0x00000b94       0xf0 /usr/local/mcuxpressoide-10.0.0_344/ide/tools/bin/../lib/gcc/arm-none-eabi/5.4.1/../../../../arm-none-eabi/lib/armv6-m/libcr_c.a(fseek.o)
                0x00000b94                fseek
 .text.ftell    0x00000c84       0x48 /usr/local/mcuxpressoide-10.0.0_344/ide/tools/bin/../lib/gcc/arm-none-eabi/5.4.1/../../../../arm-none-eabi/lib/armv6-m/libcr_c.a(ftell.o)
                0x00000c84                ftell
 .text.remove   0x00000ccc       0x12 /usr/local/mcuxpressoide-10.0.0_344/ide/tools/bin/../lib/gcc/arm-none-eabi/5.4.1/../../../../arm-none-eabi/lib/armv6-m/libcr_c.a(remove.o)
                0x00000ccc                remove
 *fill*         0x00000cde        0x2 ff
 .text.strlen   0x00000ce0       0x54 /usr/local/mcuxpressoide-10.0.0_344/ide/tools/bin/../lib/gcc/arm-none-eabi/5.4.1/../../../../arm-none-eabi/lib/armv6-m/libcr_c.a(strlen.o)
                0x00000ce0                strlen
 .text.memset   0x00000d34        0x8 /usr/local/mcuxpressoide-10.0.0_344/ide/tools/bin/../lib/gcc/arm-none-eabi/5.4.1/../../../../arm-none-eabi/lib/armv6-m/libcr_c.a(memset.o)
                0x00000d34                memset
 .text._do_fflush
                0x00000d3c       0x48 /usr/local/mcuxpressoide-10.0.0_344/ide/tools/bin/../lib/gcc/arm-none-eabi/5.4.1/../../../../arm-none-eabi/lib/armv6-m/libcr_c.a(_do_fflush.o)
                0x00000d3c                _do_fflush
 .text._fflush  0x00000d84       0x60 /usr/local/mcuxpressoide-10.0.0_344/ide/tools/bin/../lib/gcc/arm-none-eabi/5.4.1/../../../../arm-none-eabi/lib/armv6-m/libcr_c.a(_fflush.o)
                0x00000d84                _fflush
 .text._Cwritebuf
                0x00000de4       0x6c /usr/local/mcuxpressoide-10.0.0_344/ide/tools/bin/../lib/gcc/arm-none-eabi/5.4.1/../../../../arm-none-eabi/lib/armv6-m/libcr_c.a(_writebuf.o)
                0x00000de4                _Cwritebuf
 .text.free     0x00000e50       0x2e /usr/local/mcuxpressoide-10.0.0_344/ide/tools/bin/../lib/gcc/arm-none-eabi/5.4.1/../../../../arm-none-eabi/lib/armv6-m/libcr_c.a(alloc.o)
                0x00000e50                free
 *fill*         0x00000e7e        0x2 ff
 .text._deferredlazyseek
                0x00000e80       0x40 /usr/local/mcuxpressoide-10.0.0_344/ide/tools/bin/../lib/gcc/arm-none-eabi/5.4.1/../../../../arm-none-eabi/lib/armv6-m/libcr_c.a(_deferredlazyseek.o)
                0x00000e80                _deferredlazyseek
 .text.__aeabi_memset_lowlevel
                0x00000ec0       0x2a /usr/local/mcuxpressoide-10.0.0_344/ide/tools/bin/../lib/gcc/arm-none-eabi/5.4.1/armv6-m/libcr_eabihelpers.a(memcpy.o)
                0x00000ec0                __aeabi_lowlevel_memset
 .text.__sys_close
                0x00000eea        0x6 /usr/local/mcuxpressoide-10.0.0_344/ide/tools/bin/../lib/gcc/arm-none-eabi/5.4.1/../../../../arm-none-eabi/lib/armv6-m/libcr_nohost_nf.a(__sys_close.o)
                0x00000eea                __sys_close
 .text.__sys_flen
                0x00000ef0        0x6 /usr/local/mcuxpressoide-10.0.0_344/ide/tools/bin/../lib/gcc/arm-none-eabi/5.4.1/../../../../arm-none-eabi/lib/armv6-m/libcr_nohost_nf.a(__sys_flen.o)
                0x00000ef0                __sys_flen
 .text.__sys_istty
                0x00000ef6        0x6 /usr/local/mcuxpressoide-10.0.0_344/ide/tools/bin/../lib/gcc/arm-none-eabi/5.4.1/../../../../arm-none-eabi/lib/armv6-m/libcr_nohost_nf.a(__sys_istty.o)
                0x00000ef6                __sys_istty
 .text.__sys_remove
                0x00000efc        0x6 /usr/local/mcuxpressoide-10.0.0_344/ide/tools/bin/../lib/gcc/arm-none-eabi/5.4.1/../../../../arm-none-eabi/lib/armv6-m/libcr_nohost_nf.a(__sys_remove.o)
                0x00000efc                __sys_remove
 .text.__sys_seek
                0x00000f02        0x6 /usr/local/mcuxpressoide-10.0.0_344/ide/tools/bin/../lib/gcc/arm-none-eabi/5.4.1/../../../../arm-none-eabi/lib/armv6-m/libcr_nohost_nf.a(__sys_seek.o)
                0x00000f02                __sys_seek
 .text.__sys_tmpnam
                0x00000f08        0x6 /usr/local/mcuxpressoide-10.0.0_344/ide/tools/bin/../lib/gcc/arm-none-eabi/5.4.1/../../../../arm-none-eabi/lib/armv6-m/libcr_nohost_nf.a(__sys_tmpnam.o)
                0x00000f08                __sys_tmpnam
 .text.__sys_write
                0x00000f0e        0x4 /usr/local/mcuxpressoide-10.0.0_344/ide/tools/bin/../lib/gcc/arm-none-eabi/5.4.1/../../../../arm-none-eabi/lib/armv6-m/libcr_nohost_nf.a(__sys_write.o)
                0x00000f0e                __sys_write
 *(.rodata .rodata.* .constdata .constdata.*)
 .rodata.str1.1
                0x00000f12        0x4 /usr/local/mcuxpressoide-10.0.0_344/ide/tools/bin/../lib/gcc/arm-none-eabi/5.4.1/../../../../arm-none-eabi/lib/armv6-m/libcr_c.a(initio.o)
 *fill*         0x00000f16        0x2 ff
 .rodata.__num_Ciob_streams
                0x00000f18        0x4 /usr/local/mcuxpressoide-10.0.0_344/ide/tools/bin/../lib/gcc/arm-none-eabi/5.4.1/../../../../arm-none-eabi/lib/armv6-m/libcr_nohost_nf.a(__ciob.o)
                0x00000f18                __num_Ciob_streams
                0x00000f1c                . = ALIGN (0x4)

.glue_7         0x00000f1c        0x0
 .glue_7        0x00000f1c        0x0 linker stubs

.glue_7t        0x00000f1c        0x0
 .glue_7t       0x00000f1c        0x0 linker stubs

.vfp11_veneer   0x00000f1c        0x0
 .vfp11_veneer  0x00000f1c        0x0 linker stubs

.v4_bx          0x00000f1c        0x0
 .v4_bx         0x00000f1c        0x0 linker stubs

.iplt           0x00000f1c        0x0
 .iplt          0x00000f1c        0x0 ./startup/startup_mkl25z4.o

.rel.dyn        0x00000f1c        0x0
 .rel.iplt      0x00000f1c        0x0 ./startup/startup_mkl25z4.o

.ARM.extab
 *(.ARM.extab* .gnu.linkonce.armextab.*)
                0x00000f1c                __exidx_start = .

.ARM.exidx
 *(.ARM.exidx* .gnu.linkonce.armexidx.*)
                0x00000f1c                __exidx_end = .
                0x00000f1c                _etext = .

.m_usb_data
 *(m_usb_bdt)

.mtb_buffer_default
 *(.mtb*)

.uninit_RESERVED
                0x1ffff000        0x0
 *(.bss.$RESERVED*)
                0x1ffff000                . = ALIGN (0x4)
                0x1ffff000                _end_uninit_RESERVED = .

.data           0x1ffff000        0x0 load address 0x00000f1c
 FILL mask 0xff
                0x1ffff000                _data = .
 *(vtable)
 *(.ramfunc*)
 *(.data*)
                0x1ffff000                . = ALIGN (0x4)
                0x1ffff000                _edata = .

.igot.plt       0x1ffff000        0x0 load address 0x00000f1c
 .igot.plt      0x1ffff000        0x0 ./startup/startup_mkl25z4.o

.bss            0x1ffff000       0xb8 load address 0x00000f1c
                0x1ffff000                _bss = .
 *(.bss*)
 .bss.errno     0x1ffff000        0x4 /usr/local/mcuxpressoide-10.0.0_344/ide/tools/bin/../lib/gcc/arm-none-eabi/5.4.1/../../../../arm-none-eabi/lib/armv6-m/libcr_c.a(errno.o)
                0x1ffff000                errno
 .bss.__Ciob    0x1ffff004       0xb4 /usr/local/mcuxpressoide-10.0.0_344/ide/tools/bin/../lib/gcc/arm-none-eabi/5.4.1/../../../../arm-none-eabi/lib/armv6-m/libcr_nohost_nf.a(__ciob.o)
                0x1ffff004                __Ciob
 *(COMMON)
                0x1ffff0b8                . = ALIGN (0x4)
                0x1ffff0b8                _ebss = .
                [!provide]                PROVIDE (end, .)

.noinit         0x1ffff0b8        0x0 load address 0x00000f1c
                0x1ffff0b8                _noinit = .
 *(.noinit*)
                0x1ffff0b8                . = ALIGN (0x4)
                0x1ffff0b8                _end_noinit = .

.heap           0x1ffff0b8      0x400 load address 0x00000f1c
                0x1ffff0b8                _pvHeapStart = .
                0x1ffff4b8                . = (. + 0x400)
 *fill*         0x1ffff0b8      0x400 
                0x1ffff4b8                . = ALIGN (0x4)
                0x1ffff4b8                _pvHeapLimit = .

.heap2stackfill
                0x1ffff4b8      0x400 load address 0x00000f1c
                0x1ffff8b8                . = (. + 0x400)
 *fill*         0x1ffff4b8      0x400 

.stack          0x20002c00        0x0
                0x20002c00                _vStackBase = .
                0x20002c00                . = ALIGN (0x4)
                0x20003000                _vStackTop = (. + 0x400)
OUTPUT(GPIOdrivers.axf elf32-littlearm)

.debug_info     0x00000000     0x15ba
 .debug_info    0x00000000      0x49f ./startup/startup_mkl25z4.o
 .debug_info    0x0000049f      0x729 ./source/GPIO.o
 .debug_info    0x00000bc8      0x629 ./source/main.o
 .debug_info    0x000011f1      0x3c9 ./CMSIS/system_MKL25Z4.o

.debug_abbrev   0x00000000      0x582
 .debug_abbrev  0x00000000      0x131 ./startup/startup_mkl25z4.o
 .debug_abbrev  0x00000131      0x1d0 ./source/GPIO.o
 .debug_abbrev  0x00000301      0x178 ./source/main.o
 .debug_abbrev  0x00000479      0x109 ./CMSIS/system_MKL25Z4.o

.debug_aranges  0x00000000      0x230
 .debug_aranges
                0x00000000      0x160 ./startup/startup_mkl25z4.o
 .debug_aranges
                0x00000160       0x78 ./source/GPIO.o
 .debug_aranges
                0x000001d8       0x30 ./source/main.o
 .debug_aranges
                0x00000208       0x28 ./CMSIS/system_MKL25Z4.o

.debug_ranges   0x00000000      0x1f0
 .debug_ranges  0x00000000      0x150 ./startup/startup_mkl25z4.o
 .debug_ranges  0x00000150       0x68 ./source/GPIO.o
 .debug_ranges  0x000001b8       0x20 ./source/main.o
 .debug_ranges  0x000001d8       0x18 ./CMSIS/system_MKL25Z4.o

.debug_macro    0x00000000     0x7c0b
 .debug_macro   0x00000000       0x29 ./startup/startup_mkl25z4.o
 .debug_macro   0x00000029      0x856 ./startup/startup_mkl25z4.o
 .debug_macro   0x0000087f       0x97 ./source/GPIO.o
 .debug_macro   0x00000916       0x3f ./source/GPIO.o
 .debug_macro   0x00000955       0x10 ./source/GPIO.o
 .debug_macro   0x00000965      0x12d ./source/GPIO.o
 .debug_macro   0x00000a92      0x5b2 ./source/GPIO.o
 .debug_macro   0x00001044       0x34 ./source/GPIO.o
 .debug_macro   0x00001078       0x26 ./source/GPIO.o
 .debug_macro   0x0000109e      0x329 ./source/GPIO.o
 .debug_macro   0x000013c7       0x30 ./source/GPIO.o
 .debug_macro   0x000013f7     0x51e2 ./source/GPIO.o
 .debug_macro   0x000065d9       0xa0 ./source/GPIO.o
 .debug_macro   0x00006679       0x9a ./source/main.o
 .debug_macro   0x00006713       0xa6 ./source/main.o
 .debug_macro   0x000067b9       0x22 ./source/main.o
 .debug_macro   0x000067db       0x94 ./CMSIS/system_MKL25Z4.o
 .debug_macro   0x0000686f       0x10 ./CMSIS/system_MKL25Z4.o
 .debug_macro   0x0000687f       0x3a ./CMSIS/system_MKL25Z4.o
 .debug_macro   0x000068b9     0x1352 ./CMSIS/system_MKL25Z4.o

.debug_line     0x00000000      0x80f
 .debug_line    0x00000000      0x128 ./startup/startup_mkl25z4.o
 .debug_line    0x00000128      0x2ab ./source/GPIO.o
 .debug_line    0x000003d3      0x24c ./source/main.o
 .debug_line    0x0000061f      0x1f0 ./CMSIS/system_MKL25Z4.o

.debug_str      0x00000000    0x2fc20
 .debug_str     0x00000000     0x27da ./startup/startup_mkl25z4.o
                               0x280f (size before relaxing)
 .debug_str     0x000027da    0x263c5 ./source/GPIO.o
                              0x289bb (size before relaxing)
 .debug_str     0x00028b9f      0x23a ./source/main.o
                              0x28a5d (size before relaxing)
 .debug_str     0x00028dd9     0x6e47 ./CMSIS/system_MKL25Z4.o
                              0x2f25e (size before relaxing)

.comment        0x00000000       0x6e
 .comment       0x00000000       0x6e ./startup/startup_mkl25z4.o
                                 0x6f (size before relaxing)
 .comment       0x0000006e       0x6f ./source/GPIO.o
 .comment       0x0000006e       0x6f ./source/main.o
 .comment       0x0000006e       0x6f ./CMSIS/system_MKL25Z4.o
 .comment       0x0000006e       0x6f /usr/local/mcuxpressoide-10.0.0_344/ide/tools/bin/../lib/gcc/arm-none-eabi/5.4.1/../../../../arm-none-eabi/lib/armv6-m/libcr_nohost_nf.a(_cr__main.o)
 .comment       0x0000006e       0x6f /usr/local/mcuxpressoide-10.0.0_344/ide/tools/bin/../lib/gcc/arm-none-eabi/5.4.1/../../../../arm-none-eabi/lib/armv6-m/libcr_c.a(initio.o)
 .comment       0x0000006e       0x6f /usr/local/mcuxpressoide-10.0.0_344/ide/tools/bin/../lib/gcc/arm-none-eabi/5.4.1/../../../../arm-none-eabi/lib/armv6-m/libcr_c.a(setvbuf.o)
 .comment       0x0000006e       0x6f /usr/local/mcuxpressoide-10.0.0_344/ide/tools/bin/../lib/gcc/arm-none-eabi/5.4.1/../../../../arm-none-eabi/lib/armv6-m/libcr_c.a(_fdopen.o)
 .comment       0x0000006e       0x6f /usr/local/mcuxpressoide-10.0.0_344/ide/tools/bin/../lib/gcc/arm-none-eabi/5.4.1/../../../../arm-none-eabi/lib/armv6-m/libcr_c.a(fclose.o)
 .comment       0x0000006e       0x6f /usr/local/mcuxpressoide-10.0.0_344/ide/tools/bin/../lib/gcc/arm-none-eabi/5.4.1/../../../../arm-none-eabi/lib/armv6-m/libcr_c.a(fflush.o)
 .comment       0x0000006e       0x6f /usr/local/mcuxpressoide-10.0.0_344/ide/tools/bin/../lib/gcc/arm-none-eabi/5.4.1/../../../../arm-none-eabi/lib/armv6-m/libcr_c.a(fseek.o)
 .comment       0x0000006e       0x6f /usr/local/mcuxpressoide-10.0.0_344/ide/tools/bin/../lib/gcc/arm-none-eabi/5.4.1/../../../../arm-none-eabi/lib/armv6-m/libcr_c.a(ftell.o)
 .comment       0x0000006e       0x6f /usr/local/mcuxpressoide-10.0.0_344/ide/tools/bin/../lib/gcc/arm-none-eabi/5.4.1/../../../../arm-none-eabi/lib/armv6-m/libcr_c.a(remove.o)
 .comment       0x0000006e       0x6f /usr/local/mcuxpressoide-10.0.0_344/ide/tools/bin/../lib/gcc/arm-none-eabi/5.4.1/../../../../arm-none-eabi/lib/armv6-m/libcr_c.a(strlen.o)
 .comment       0x0000006e       0x6f /usr/local/mcuxpressoide-10.0.0_344/ide/tools/bin/../lib/gcc/arm-none-eabi/5.4.1/../../../../arm-none-eabi/lib/armv6-m/libcr_c.a(memset.o)
 .comment       0x0000006e       0x6f /usr/local/mcuxpressoide-10.0.0_344/ide/tools/bin/../lib/gcc/arm-none-eabi/5.4.1/../../../../arm-none-eabi/lib/armv6-m/libcr_c.a(_do_fflush.o)
 .comment       0x0000006e       0x6f /usr/local/mcuxpressoide-10.0.0_344/ide/tools/bin/../lib/gcc/arm-none-eabi/5.4.1/../../../../arm-none-eabi/lib/armv6-m/libcr_c.a(_fflush.o)
 .comment       0x0000006e       0x6f /usr/local/mcuxpressoide-10.0.0_344/ide/tools/bin/../lib/gcc/arm-none-eabi/5.4.1/../../../../arm-none-eabi/lib/armv6-m/libcr_c.a(_writebuf.o)
 .comment       0x0000006e       0x6f /usr/local/mcuxpressoide-10.0.0_344/ide/tools/bin/../lib/gcc/arm-none-eabi/5.4.1/../../../../arm-none-eabi/lib/armv6-m/libcr_c.a(alloc.o)
 .comment       0x0000006e       0x6f /usr/local/mcuxpressoide-10.0.0_344/ide/tools/bin/../lib/gcc/arm-none-eabi/5.4.1/../../../../arm-none-eabi/lib/armv6-m/libcr_c.a(errno.o)
 .comment       0x0000006e       0x6f /usr/local/mcuxpressoide-10.0.0_344/ide/tools/bin/../lib/gcc/arm-none-eabi/5.4.1/../../../../arm-none-eabi/lib/armv6-m/libcr_c.a(_deferredlazyseek.o)
 .comment       0x0000006e       0x6f /usr/local/mcuxpressoide-10.0.0_344/ide/tools/bin/../lib/gcc/arm-none-eabi/5.4.1/../../../../arm-none-eabi/lib/armv6-m/libcr_nohost_nf.a(__ciob.o)
 .comment       0x0000006e       0x6f /usr/local/mcuxpressoide-10.0.0_344/ide/tools/bin/../lib/gcc/arm-none-eabi/5.4.1/../../../../arm-none-eabi/lib/armv6-m/libcr_nohost_nf.a(__sys_close.o)
 .comment       0x0000006e       0x6f /usr/local/mcuxpressoide-10.0.0_344/ide/tools/bin/../lib/gcc/arm-none-eabi/5.4.1/../../../../arm-none-eabi/lib/armv6-m/libcr_nohost_nf.a(__sys_flen.o)
 .comment       0x0000006e       0x6f /usr/local/mcuxpressoide-10.0.0_344/ide/tools/bin/../lib/gcc/arm-none-eabi/5.4.1/../../../../arm-none-eabi/lib/armv6-m/libcr_nohost_nf.a(__sys_istty.o)
 .comment       0x0000006e       0x6f /usr/local/mcuxpressoide-10.0.0_344/ide/tools/bin/../lib/gcc/arm-none-eabi/5.4.1/../../../../arm-none-eabi/lib/armv6-m/libcr_nohost_nf.a(__sys_remove.o)
 .comment       0x0000006e       0x6f /usr/local/mcuxpressoide-10.0.0_344/ide/tools/bin/../lib/gcc/arm-none-eabi/5.4.1/../../../../arm-none-eabi/lib/armv6-m/libcr_nohost_nf.a(__sys_seek.o)
 .comment       0x0000006e       0x6f /usr/local/mcuxpressoide-10.0.0_344/ide/tools/bin/../lib/gcc/arm-none-eabi/5.4.1/../../../../arm-none-eabi/lib/armv6-m/libcr_nohost_nf.a(__sys_tmpnam.o)
 .comment       0x0000006e       0x6f /usr/local/mcuxpressoide-10.0.0_344/ide/tools/bin/../lib/gcc/arm-none-eabi/5.4.1/../../../../arm-none-eabi/lib/armv6-m/libcr_nohost_nf.a(__sys_write.o)

.ARM.attributes
                0x00000000       0x30
 .ARM.attributes
                0x00000000       0x32 ./startup/startup_mkl25z4.o
 .ARM.attributes
                0x00000032       0x32 ./source/GPIO.o
 .ARM.attributes
                0x00000064       0x32 ./source/main.o
 .ARM.attributes
                0x00000096       0x32 ./CMSIS/system_MKL25Z4.o
 .ARM.attributes
                0x000000c8       0x31 /usr/local/mcuxpressoide-10.0.0_344/ide/tools/bin/../lib/gcc/arm-none-eabi/5.4.1/../../../../arm-none-eabi/lib/armv6-m/libcr_nohost_nf.a(_cr__main.o)
 .ARM.attributes
                0x000000f9       0x31 /usr/local/mcuxpressoide-10.0.0_344/ide/tools/bin/../lib/gcc/arm-none-eabi/5.4.1/../../../../arm-none-eabi/lib/armv6-m/libcr_c.a(initio.o)
 .ARM.attributes
                0x0000012a       0x31 /usr/local/mcuxpressoide-10.0.0_344/ide/tools/bin/../lib/gcc/arm-none-eabi/5.4.1/../../../../arm-none-eabi/lib/armv6-m/libcr_c.a(setvbuf.o)
 .ARM.attributes
                0x0000015b       0x31 /usr/local/mcuxpressoide-10.0.0_344/ide/tools/bin/../lib/gcc/arm-none-eabi/5.4.1/../../../../arm-none-eabi/lib/armv6-m/libcr_c.a(_fdopen.o)
 .ARM.attributes
                0x0000018c       0x31 /usr/local/mcuxpressoide-10.0.0_344/ide/tools/bin/../lib/gcc/arm-none-eabi/5.4.1/../../../../arm-none-eabi/lib/armv6-m/libcr_c.a(fclose.o)
 .ARM.attributes
                0x000001bd       0x31 /usr/local/mcuxpressoide-10.0.0_344/ide/tools/bin/../lib/gcc/arm-none-eabi/5.4.1/../../../../arm-none-eabi/lib/armv6-m/libcr_c.a(fflush.o)
 .ARM.attributes
                0x000001ee       0x31 /usr/local/mcuxpressoide-10.0.0_344/ide/tools/bin/../lib/gcc/arm-none-eabi/5.4.1/../../../../arm-none-eabi/lib/armv6-m/libcr_c.a(fseek.o)
 .ARM.attributes
                0x0000021f       0x31 /usr/local/mcuxpressoide-10.0.0_344/ide/tools/bin/../lib/gcc/arm-none-eabi/5.4.1/../../../../arm-none-eabi/lib/armv6-m/libcr_c.a(ftell.o)
 .ARM.attributes
                0x00000250       0x31 /usr/local/mcuxpressoide-10.0.0_344/ide/tools/bin/../lib/gcc/arm-none-eabi/5.4.1/../../../../arm-none-eabi/lib/armv6-m/libcr_c.a(remove.o)
 .ARM.attributes
                0x00000281       0x31 /usr/local/mcuxpressoide-10.0.0_344/ide/tools/bin/../lib/gcc/arm-none-eabi/5.4.1/../../../../arm-none-eabi/lib/armv6-m/libcr_c.a(strlen.o)
 .ARM.attributes
                0x000002b2       0x31 /usr/local/mcuxpressoide-10.0.0_344/ide/tools/bin/../lib/gcc/arm-none-eabi/5.4.1/../../../../arm-none-eabi/lib/armv6-m/libcr_c.a(memset.o)
 .ARM.attributes
                0x000002e3       0x31 /usr/local/mcuxpressoide-10.0.0_344/ide/tools/bin/../lib/gcc/arm-none-eabi/5.4.1/../../../../arm-none-eabi/lib/armv6-m/libcr_c.a(_do_fflush.o)
 .ARM.attributes
                0x00000314       0x31 /usr/local/mcuxpressoide-10.0.0_344/ide/tools/bin/../lib/gcc/arm-none-eabi/5.4.1/../../../../arm-none-eabi/lib/armv6-m/libcr_c.a(_fflush.o)
 .ARM.attributes
                0x00000345       0x31 /usr/local/mcuxpressoide-10.0.0_344/ide/tools/bin/../lib/gcc/arm-none-eabi/5.4.1/../../../../arm-none-eabi/lib/armv6-m/libcr_c.a(_writebuf.o)
 .ARM.attributes
                0x00000376       0x31 /usr/local/mcuxpressoide-10.0.0_344/ide/tools/bin/../lib/gcc/arm-none-eabi/5.4.1/../../../../arm-none-eabi/lib/armv6-m/libcr_c.a(alloc.o)
 .ARM.attributes
                0x000003a7       0x31 /usr/local/mcuxpressoide-10.0.0_344/ide/tools/bin/../lib/gcc/arm-none-eabi/5.4.1/../../../../arm-none-eabi/lib/armv6-m/libcr_c.a(errno.o)
 .ARM.attributes
                0x000003d8       0x31 /usr/local/mcuxpressoide-10.0.0_344/ide/tools/bin/../lib/gcc/arm-none-eabi/5.4.1/../../../../arm-none-eabi/lib/armv6-m/libcr_c.a(_deferredlazyseek.o)
 .ARM.attributes
                0x00000409       0x21 /usr/local/mcuxpressoide-10.0.0_344/ide/tools/bin/../lib/gcc/arm-none-eabi/5.4.1/armv6-m/libcr_eabihelpers.a(memcpy.o)
 .ARM.attributes
                0x0000042a       0x31 /usr/local/mcuxpressoide-10.0.0_344/ide/tools/bin/../lib/gcc/arm-none-eabi/5.4.1/../../../../arm-none-eabi/lib/armv6-m/libcr_nohost_nf.a(__ciob.o)
 .ARM.attributes
                0x0000045b       0x31 /usr/local/mcuxpressoide-10.0.0_344/ide/tools/bin/../lib/gcc/arm-none-eabi/5.4.1/../../../../arm-none-eabi/lib/armv6-m/libcr_nohost_nf.a(__sys_close.o)
 .ARM.attributes
                0x0000048c       0x31 /usr/local/mcuxpressoide-10.0.0_344/ide/tools/bin/../lib/gcc/arm-none-eabi/5.4.1/../../../../arm-none-eabi/lib/armv6-m/libcr_nohost_nf.a(__sys_flen.o)
 .ARM.attributes
                0x000004bd       0x31 /usr/local/mcuxpressoide-10.0.0_344/ide/tools/bin/../lib/gcc/arm-none-eabi/5.4.1/../../../../arm-none-eabi/lib/armv6-m/libcr_nohost_nf.a(__sys_istty.o)
 .ARM.attributes
                0x000004ee       0x31 /usr/local/mcuxpressoide-10.0.0_344/ide/tools/bin/../lib/gcc/arm-none-eabi/5.4.1/../../../../arm-none-eabi/lib/armv6-m/libcr_nohost_nf.a(__sys_remove.o)
 .ARM.attributes
                0x0000051f       0x31 /usr/local/mcuxpressoide-10.0.0_344/ide/tools/bin/../lib/gcc/arm-none-eabi/5.4.1/../../../../arm-none-eabi/lib/armv6-m/libcr_nohost_nf.a(__sys_seek.o)
 .ARM.attributes
                0x00000550       0x31 /usr/local/mcuxpressoide-10.0.0_344/ide/tools/bin/../lib/gcc/arm-none-eabi/5.4.1/../../../../arm-none-eabi/lib/armv6-m/libcr_nohost_nf.a(__sys_tmpnam.o)
 .ARM.attributes
                0x00000581       0x31 /usr/local/mcuxpressoide-10.0.0_344/ide/tools/bin/../lib/gcc/arm-none-eabi/5.4.1/../../../../arm-none-eabi/lib/armv6-m/libcr_nohost_nf.a(__sys_write.o)

.debug_frame    0x00000000      0x5fc
 .debug_frame   0x00000000      0x3b0 ./startup/startup_mkl25z4.o
 .debug_frame   0x000003b0      0x194 ./source/GPIO.o
 .debug_frame   0x00000544       0x6c ./source/main.o
 .debug_frame   0x000005b0       0x4c ./CMSIS/system_MKL25Z4.o
